11:27:28 **** Incremental Build of configuration Debug for project MPPT-V_1_0 ****
make -j4 all 
arm-none-eabi-gcc "../Src/main.c" -mcpu=cortex-m4 -std=gnu11 -g3 -DUSE_HAL_DRIVER -DDEBUG -DSTM32F407xx -c -I../Inc -I../Drivers/CMSIS/Include -I../Drivers/STM32F4xx_HAL_Driver/Inc -I../Drivers/CMSIS/Device/ST/STM32F4xx/Include -I../Drivers/STM32F4xx_HAL_Driver/Inc/Legacy -O0 -ffunction-sections -fdata-sections -Wall -fstack-usage -MMD -MP -MF"Src/main.d" -MT"Src/main.o" --specs=nano.specs -mfpu=fpv4-sp-d16 -mfloat-abi=hard -mthumb -o "Src/main.o"
../Src/main.c: In function 'main':
../Src/main.c:137:5: warning: "/*" within comment [-Wcomment]
     /* USER CODE END WHILE */
      
../Src/main.c:77:11: warning: unused variable 'raw' [-Wunused-variable]
  uint16_t raw;
           ^~~
arm-none-eabi-gcc -o "MPPT-V_1_0.elf" @"objects.list"   -mcpu=cortex-m4 -T"/home/kerraiosc/cs-put-poznan/MPPT/MPPT-V_1_0/STM32F407VGTX_FLASH.ld" --specs=nosys.specs -Wl,-Map="MPPT-V_1_0.map" -Wl,--gc-sections -static --specs=nano.specs -mfpu=fpv4-sp-d16 -mfloat-abi=hard -mthumb -Wl,--start-group -lc -lm -Wl,--end-group
Finished building target: MPPT-V_1_0.elf
 
arm-none-eabi-objdump -h -S  MPPT-V_1_0.elf  > "MPPT-V_1_0.list"
arm-none-eabi-size   MPPT-V_1_0.elf 
   text	   data	    bss	    dec	    hex	filename
  15536	     24	   2056	  17616	   44d0	MPPT-V_1_0.elf
Finished building: default.size.stdout
 
Finished building: MPPT-V_1_0.list
 

11:27:29 Build Finished. 0 errors, 2 warnings. (took 798ms)

