utilities.c:4:6:setYellowState	8	static
utilities.c:9:6:resetYellowState	8	static
utilities.c:13:6:setRedState	8	static
utilities.c:18:6:resetRedState	8	static
utilities.c:22:6:setGreenState	8	static
utilities.c:27:6:resetGreenState	8	static
utilities.c:31:6:enablePWM	8	static
utilities.c:34:6:disablePWM	8	static
utilities.c:39:6:readVoltageAndCurrent	16	static
utilities.c:52:6:getArrayStatus	8	static
utilities.c:72:6:getBatteryStatus	8	static
utilities.c:92:6:storeMeasurements	8	static
utilities.c:106:6:calculateMeasurementsAverage	16	static
utilities.c:124:6:measurementsInit	16	static
utilities.c:139:6:checkArrayConnection	8	static
utilities.c:159:6:checkBatteryConnection	8	static
utilities.c:177:6:calculateInputPower	4	static
utilities.c:180:6:setDutyCycle	16	static
utilities.c:184:6:increseDutyCycle	16	static
utilities.c:195:6:decreaseDutyCycle	16	static
utilities.c:209:6:MPPTInit	8	static
